127.0.0.1 - - [21/Feb/2024:10:32:40 +0900] "GET / HTTP/1.1" 404 807
0:0:0:0:0:0:0:1 - - [21/Feb/2024:10:32:55 +0900] "GET /pro08/first HTTP/1.1" 200 9
0:0:0:0:0:0:0:1 - - [21/Feb/2024:10:33:08 +0900] "GET /favicon.ico HTTP/1.1" 404 818
0:0:0:0:0:0:0:1 - - [21/Feb/2024:10:33:12 +0900] "GET /pro08/first HTTP/1.1" 200 9
127.0.0.1 - - [21/Feb/2024:10:36:21 +0900] "GET / HTTP/1.1" 404 807
0:0:0:0:0:0:0:1 - - [21/Feb/2024:10:36:35 +0900] "GET /pro08/member HTTP/1.1" 200 414
127.0.0.1 - - [21/Feb/2024:10:37:26 +0900] "GET / HTTP/1.1" 404 807
0:0:0:0:0:0:0:1 - - [21/Feb/2024:10:37:29 +0900] "GET /pro08/member HTTP/1.1" 200 988
127.0.0.1 - - [21/Feb/2024:10:43:49 +0900] "GET / HTTP/1.1" 404 807
0:0:0:0:0:0:0:1 - - [21/Feb/2024:10:44:02 +0900] "GET /pro08/member HTTP/1.1" 200 988
0:0:0:0:0:0:0:1 - - [21/Feb/2024:10:44:02 +0900] "GET /favicon.ico HTTP/1.1" 404 818
127.0.0.1 - - [21/Feb/2024:10:51:15 +0900] "GET / HTTP/1.1" 404 807
127.0.0.1 - - [21/Feb/2024:10:51:48 +0900] "GET / HTTP/1.1" 404 807
0:0:0:0:0:0:0:1 - - [21/Feb/2024:10:52:16 +0900] "GET /pro08/member HTTP/1.1" 500 388
127.0.0.1 - - [21/Feb/2024:10:53:46 +0900] "GET / HTTP/1.1" 404 807
0:0:0:0:0:0:0:1 - - [21/Feb/2024:10:53:51 +0900] "GET /pro08/member HTTP/1.1" 200 988
0:0:0:0:0:0:0:1 - - [21/Feb/2024:10:54:33 +0900] "GET /pro08/memberForm HTTP/1.1" 404 827
0:0:0:0:0:0:0:1 - - [21/Feb/2024:10:54:41 +0900] "GET /pro08/memberForm.html HTTP/1.1" 404 832
127.0.0.1 - - [21/Feb/2024:10:55:09 +0900] "GET / HTTP/1.1" 404 807
0:0:0:0:0:0:0:1 - - [21/Feb/2024:10:55:12 +0900] "GET /pro08/memberForm.html HTTP/1.1" 200 1462
0:0:0:0:0:0:0:1 - - [21/Feb/2024:10:56:57 +0900] "POST /pro08/member HTTP/1.1" 405 829
127.0.0.1 - - [21/Feb/2024:11:01:00 +0900] "GET / HTTP/1.1" 404 807
0:0:0:0:0:0:0:1 - - [21/Feb/2024:11:01:11 +0900] "GET /pro08/member HTTP/1.1" 200 1184
0:0:0:0:0:0:0:1 - - [21/Feb/2024:11:01:19 +0900] "GET /pro08/memberFom.html HTTP/1.1" 404 831
127.0.0.1 - - [21/Feb/2024:11:02:51 +0900] "GET / HTTP/1.1" 404 807
0:0:0:0:0:0:0:1 - - [21/Feb/2024:11:03:06 +0900] "POST /pro08/member HTTP/1.1" 200 1381
0:0:0:0:0:0:0:1 - - [21/Feb/2024:11:03:14 +0900] "GET /pro07/member?command=delMember&id=hong2 HTTP/1.1" 404 823
127.0.0.1 - - [21/Feb/2024:11:03:45 +0900] "GET / HTTP/1.1" 404 807
0:0:0:0:0:0:0:1 - - [21/Feb/2024:11:03:49 +0900] "POST /pro08/member HTTP/1.1" 200 1381
0:0:0:0:0:0:0:1 - - [21/Feb/2024:11:03:53 +0900] "GET /pro08/member?command=delMember&id=hong1 HTTP/1.1" 405 825
127.0.0.1 - - [21/Feb/2024:11:04:43 +0900] "GET / HTTP/1.1" 404 807
0:0:0:0:0:0:0:1 - - [21/Feb/2024:11:04:49 +0900] "POST /pro08/member HTTP/1.1" 200 1185
0:0:0:0:0:0:0:1 - - [21/Feb/2024:11:05:08 +0900] "GET /pro08/memberForm.html HTTP/1.1" 304 -
0:0:0:0:0:0:0:1 - - [21/Feb/2024:11:05:09 +0900] "GET /pro08/memberForm.html HTTP/1.1" 304 -
0:0:0:0:0:0:0:1 - - [21/Feb/2024:11:05:09 +0900] "GET /pro08/memberForm.html HTTP/1.1" 304 -
0:0:0:0:0:0:0:1 - - [21/Feb/2024:11:05:25 +0900] "POST /pro08/member HTTP/1.1" 200 1382
0:0:0:0:0:0:0:1 - - [21/Feb/2024:11:05:36 +0900] "GET /pro08/member?command=delMember&id=hong2 HTTP/1.1" 200 1185
0:0:0:0:0:0:0:1 - - [21/Feb/2024:11:05:38 +0900] "GET /pro08/member?command=delMember&id=hong3 HTTP/1.1" 200 988
127.0.0.1 - - [21/Feb/2024:11:34:53 +0900] "GET / HTTP/1.1" 404 807
0:0:0:0:0:0:0:1 - - [21/Feb/2024:11:35:11 +0900] "GET /pro08/cset HTTP/1.1" 200 -
0:0:0:0:0:0:0:1 - - [21/Feb/2024:11:37:12 +0900] "GET /pro08/cset HTTP/1.1" 200 -
0:0:0:0:0:0:0:1 - - [21/Feb/2024:11:38:37 +0900] "GET /pro08/cset HTTP/1.1" 200 -
0:0:0:0:0:0:0:1 - - [21/Feb/2024:11:40:20 +0900] "GET /pro08/cset HTTP/1.1" 200 -
127.0.0.1 - - [21/Feb/2024:11:41:23 +0900] "GET / HTTP/1.1" 404 807
0:0:0:0:0:0:0:1 - - [21/Feb/2024:11:41:28 +0900] "GET /pro08/cset HTTP/1.1" 200 -
0:0:0:0:0:0:0:1 - - [21/Feb/2024:11:41:36 +0900] "GET /pro08/cget HTTP/1.1" 200 -
127.0.0.1 - - [21/Feb/2024:11:47:49 +0900] "GET / HTTP/1.1" 404 807
0:0:0:0:0:0:0:1 - - [21/Feb/2024:11:48:05 +0900] "GET /pro08/cset HTTP/1.1" 200 -
0:0:0:0:0:0:0:1 - - [21/Feb/2024:11:48:45 +0900] "GET /pro08/cset HTTP/1.1" 200 -
127.0.0.1 - - [21/Feb/2024:11:52:08 +0900] "GET / HTTP/1.1" 404 807
0:0:0:0:0:0:0:1 - - [21/Feb/2024:11:52:15 +0900] "GET /pro08/cset HTTP/1.1" 200 -
127.0.0.1 - - [21/Feb/2024:11:52:36 +0900] "GET / HTTP/1.1" 404 807
0:0:0:0:0:0:0:1 - - [21/Feb/2024:11:52:37 +0900] "GET /pro08/cset HTTP/1.1" 200 -
127.0.0.1 - - [21/Feb/2024:11:59:30 +0900] "GET / HTTP/1.1" 404 807
0:0:0:0:0:0:0:1 - - [21/Feb/2024:11:59:32 +0900] "GET /pro08/cfile HTTP/1.1" 200 -
127.0.0.1 - - [21/Feb/2024:12:09:10 +0900] "GET / HTTP/1.1" 404 807
0:0:0:0:0:0:0:1 - - [21/Feb/2024:12:09:14 +0900] "GET /pro08/cfile HTTP/1.1" 200 -
127.0.0.1 - - [21/Feb/2024:12:10:00 +0900] "GET / HTTP/1.1" 404 807
0:0:0:0:0:0:0:1 - - [21/Feb/2024:12:10:01 +0900] "GET /pro08/cfile HTTP/1.1" 200 -
127.0.0.1 - - [21/Feb/2024:12:13:39 +0900] "GET / HTTP/1.1" 404 807
0:0:0:0:0:0:0:1 - - [21/Feb/2024:12:13:41 +0900] "GET /pro08/cfile HTTP/1.1" 500 1284
127.0.0.1 - - [21/Feb/2024:12:15:58 +0900] "GET / HTTP/1.1" 404 807
0:0:0:0:0:0:0:1 - - [21/Feb/2024:12:16:00 +0900] "GET /pro08/cfile HTTP/1.1" 200 -
127.0.0.1 - - [21/Feb/2024:12:18:04 +0900] "GET / HTTP/1.1" 404 807
0:0:0:0:0:0:0:1 - - [21/Feb/2024:12:18:09 +0900] "GET /pro08/cfile HTTP/1.1" 200 -
127.0.0.1 - - [21/Feb/2024:12:36:26 +0900] "GET / HTTP/1.1" 404 807
0:0:0:0:0:0:0:1 - - [21/Feb/2024:12:36:29 +0900] "GET /pro08/cfile HTTP/1.1" 200 -
0:0:0:0:0:0:0:1 - - [21/Feb/2024:12:38:50 +0900] "GET /pro08/cfile HTTP/1.1" 200 -
0:0:0:0:0:0:0:1 - - [21/Feb/2024:12:39:00 +0900] "GET /pro08/cfile HTTP/1.1" 200 -
127.0.0.1 - - [21/Feb/2024:12:39:07 +0900] "GET / HTTP/1.1" 404 807
127.0.0.1 - - [21/Feb/2024:12:39:14 +0900] "GET / HTTP/1.1" 404 807
0:0:0:0:0:0:0:1 - - [21/Feb/2024:12:39:18 +0900] "GET /pro08/cfile HTTP/1.1" 200 -
127.0.0.1 - - [21/Feb/2024:12:40:09 +0900] "GET / HTTP/1.1" 404 807
0:0:0:0:0:0:0:1 - - [21/Feb/2024:12:40:18 +0900] "GET /pro08/cfile HTTP/1.1" 200 -
127.0.0.1 - - [21/Feb/2024:12:40:52 +0900] "GET / HTTP/1.1" 404 807
0:0:0:0:0:0:0:1 - - [21/Feb/2024:12:40:54 +0900] "GET /pro08/cfile HTTP/1.1" 200 -
127.0.0.1 - - [21/Feb/2024:12:42:28 +0900] "GET / HTTP/1.1" 404 807
0:0:0:0:0:0:0:1 - - [21/Feb/2024:12:42:30 +0900] "GET /pro08/cfile HTTP/1.1" 200 -
127.0.0.1 - - [21/Feb/2024:12:43:20 +0900] "GET / HTTP/1.1" 404 807
0:0:0:0:0:0:0:1 - - [21/Feb/2024:12:43:27 +0900] "GET /pro08/cfile HTTP/1.1" 200 -
127.0.0.1 - - [21/Feb/2024:12:44:45 +0900] "GET / HTTP/1.1" 404 807
0:0:0:0:0:0:0:1 - - [21/Feb/2024:12:44:48 +0900] "GET /pro08/cfile HTTP/1.1" 200 -
127.0.0.1 - - [21/Feb/2024:12:45:47 +0900] "GET / HTTP/1.1" 404 807
0:0:0:0:0:0:0:1 - - [21/Feb/2024:12:45:48 +0900] "GET /pro08/cfile HTTP/1.1" 200 -
127.0.0.1 - - [21/Feb/2024:12:46:42 +0900] "GET / HTTP/1.1" 404 807
127.0.0.1 - - [21/Feb/2024:12:47:25 +0900] "GET / HTTP/1.1" 404 807
127.0.0.1 - - [21/Feb/2024:12:47:44 +0900] "GET / HTTP/1.1" 404 807
127.0.0.1 - - [21/Feb/2024:12:48:09 +0900] "GET / HTTP/1.1" 404 807
0:0:0:0:0:0:0:1 - - [21/Feb/2024:12:48:12 +0900] "GET /pro08/cfile HTTP/1.1" 200 -
127.0.0.1 - - [21/Feb/2024:12:48:24 +0900] "GET / HTTP/1.1" 404 807
0:0:0:0:0:0:0:1 - - [21/Feb/2024:12:48:25 +0900] "GET /pro08/cfile HTTP/1.1" 200 -
127.0.0.1 - - [21/Feb/2024:12:48:48 +0900] "GET / HTTP/1.1" 404 807
0:0:0:0:0:0:0:1 - - [21/Feb/2024:12:48:50 +0900] "GET /pro08/cfile HTTP/1.1" 200 -
0:0:0:0:0:0:0:1 - - [21/Feb/2024:12:48:52 +0900] "GET /pro08/cfile HTTP/1.1" 200 -
0:0:0:0:0:0:0:1 - - [21/Feb/2024:12:48:53 +0900] "GET /pro08/cfile HTTP/1.1" 200 -
0:0:0:0:0:0:0:1 - - [21/Feb/2024:12:48:53 +0900] "GET /pro08/cfile HTTP/1.1" 200 -
0:0:0:0:0:0:0:1 - - [21/Feb/2024:12:48:53 +0900] "GET /pro08/cfile HTTP/1.1" 200 -
0:0:0:0:0:0:0:1 - - [21/Feb/2024:12:48:54 +0900] "GET /pro08/cfile HTTP/1.1" 200 -
127.0.0.1 - - [21/Feb/2024:12:49:17 +0900] "GET / HTTP/1.1" 404 807
0:0:0:0:0:0:0:1 - - [21/Feb/2024:12:49:18 +0900] "GET /pro08/cfile HTTP/1.1" 200 -
127.0.0.1 - - [21/Feb/2024:12:50:16 +0900] "GET / HTTP/1.1" 404 807
0:0:0:0:0:0:0:1 - - [21/Feb/2024:12:50:17 +0900] "GET /pro08/cfile HTTP/1.1" 200 -
127.0.0.1 - - [21/Feb/2024:12:52:50 +0900] "GET / HTTP/1.1" 404 807
0:0:0:0:0:0:0:1 - - [21/Feb/2024:12:52:53 +0900] "GET /pro08/cfile HTTP/1.1" 200 -
0:0:0:0:0:0:0:1 - - [21/Feb/2024:12:54:52 +0900] "GET /pro08/cfile HTTP/1.1" 200 -
127.0.0.1 - - [21/Feb/2024:13:01:57 +0900] "GET / HTTP/1.1" 404 807
0:0:0:0:0:0:0:1 - - [21/Feb/2024:13:02:13 +0900] "GET /pro08/cfile HTTP/1.1" 200 -
127.0.0.1 - - [21/Feb/2024:13:03:05 +0900] "GET / HTTP/1.1" 404 807
0:0:0:0:0:0:0:1 - - [21/Feb/2024:13:03:08 +0900] "GET /pro08/cfile HTTP/1.1" 200 -
0:0:0:0:0:0:0:1 - - [21/Feb/2024:13:03:13 +0900] "GET /pro08/ctxfile HTTP/1.1" 200 -
127.0.0.1 - - [21/Feb/2024:13:03:41 +0900] "GET / HTTP/1.1" 404 807
127.0.0.1 - - [21/Feb/2024:13:03:46 +0900] "GET / HTTP/1.1" 404 807
0:0:0:0:0:0:0:1 - - [21/Feb/2024:13:03:51 +0900] "GET /pro08/ctxfile HTTP/1.1" 200 -
0:0:0:0:0:0:0:1 - - [21/Feb/2024:13:03:58 +0900] "GET /pro08/cfile HTTP/1.1" 200 -
127.0.0.1 - - [21/Feb/2024:13:04:34 +0900] "GET / HTTP/1.1" 404 807
0:0:0:0:0:0:0:1 - - [21/Feb/2024:13:04:35 +0900] "GET /pro08/cfile HTTP/1.1" 200 -
0:0:0:0:0:0:0:1 - - [21/Feb/2024:13:04:36 +0900] "GET /pro08/cfile HTTP/1.1" 200 -
0:0:0:0:0:0:0:1 - - [21/Feb/2024:13:04:36 +0900] "GET /pro08/cfile HTTP/1.1" 200 -
0:0:0:0:0:0:0:1 - - [21/Feb/2024:13:04:36 +0900] "GET /pro08/cfile HTTP/1.1" 200 -
0:0:0:0:0:0:0:1 - - [21/Feb/2024:13:04:36 +0900] "GET /pro08/cfile HTTP/1.1" 200 -
0:0:0:0:0:0:0:1 - - [21/Feb/2024:13:04:36 +0900] "GET /pro08/cfile HTTP/1.1" 200 -
0:0:0:0:0:0:0:1 - - [21/Feb/2024:13:04:37 +0900] "GET /pro08/cfile HTTP/1.1" 200 -
0:0:0:0:0:0:0:1 - - [21/Feb/2024:13:04:37 +0900] "GET /pro08/cfile HTTP/1.1" 200 -
127.0.0.1 - - [21/Feb/2024:13:11:19 +0900] "GET / HTTP/1.1" 404 807
0:0:0:0:0:0:0:1 - - [21/Feb/2024:13:11:28 +0900] "GET /pro08/cfile HTTP/1.1" 500 1477
127.0.0.1 - - [21/Feb/2024:13:12:07 +0900] "GET / HTTP/1.1" 404 807
0:0:0:0:0:0:0:1 - - [21/Feb/2024:13:12:08 +0900] "GET /pro08/cfile HTTP/1.1" 200 -
