127.0.0.1 - - [20/Mar/2024:11:56:02 +0900] "GET / HTTP/1.1" 404 807
0:0:0:0:0:0:0:1 - - [20/Mar/2024:12:33:21 +0900] "GET /pro25/account/sendMoney.do HTTP/1.1" 404 721
0:0:0:0:0:0:0:1 - - [20/Mar/2024:12:33:21 +0900] "GET /favicon.ico HTTP/1.1" 404 818
127.0.0.1 - - [20/Mar/2024:12:36:17 +0900] "GET / HTTP/1.1" 404 807
0:0:0:0:0:0:0:1 - - [20/Mar/2024:12:36:33 +0900] "GET /pro25/account/sendMoney.do HTTP/1.1" 404 721
127.0.0.1 - - [20/Mar/2024:12:36:46 +0900] "GET / HTTP/1.1" 404 807
0:0:0:0:0:0:0:1 - - [20/Mar/2024:12:37:03 +0900] "GET /pro25/account/sendMoney.do HTTP/1.1" 404 721
127.0.0.1 - - [20/Mar/2024:12:38:38 +0900] "GET / HTTP/1.1" 404 807
0:0:0:0:0:0:0:1 - - [20/Mar/2024:12:38:49 +0900] "GET /pro25/account/sendMoney.do HTTP/1.1" 404 721
127.0.0.1 - - [20/Mar/2024:12:40:23 +0900] "GET / HTTP/1.1" 404 807
0:0:0:0:0:0:0:1 - - [20/Mar/2024:12:40:28 +0900] "GET /pro25/account/sendMoney.do HTTP/1.1" 200 140
127.0.0.1 - - [20/Mar/2024:12:42:38 +0900] "GET / HTTP/1.1" 404 807
0:0:0:0:0:0:0:1 - - [20/Mar/2024:12:43:02 +0900] "GET /pro25/account/sendMoney.do HTTP/1.1" 200 141
127.0.0.1 - - [20/Mar/2024:12:44:37 +0900] "GET / HTTP/1.1" 404 807
127.0.0.1 - - [20/Mar/2024:12:44:50 +0900] "GET / HTTP/1.1" 404 807
0:0:0:0:0:0:0:1 - - [20/Mar/2024:12:44:53 +0900] "GET /pro25/account/sendMoney.do HTTP/1.1" 500 3536
127.0.0.1 - - [20/Mar/2024:12:45:42 +0900] "GET / HTTP/1.1" 404 807
0:0:0:0:0:0:0:1 - - [20/Mar/2024:12:45:47 +0900] "GET /pro25/account/sendMoney.do HTTP/1.1" 200 142
127.0.0.1 - - [20/Mar/2024:12:46:55 +0900] "GET / HTTP/1.1" 404 807
0:0:0:0:0:0:0:1 - - [20/Mar/2024:12:46:58 +0900] "GET /pro25/account/sendMoney.do HTTP/1.1" 200 142
127.0.0.1 - - [20/Mar/2024:12:47:51 +0900] "GET / HTTP/1.1" 404 807
127.0.0.1 - - [20/Mar/2024:12:48:02 +0900] "GET / HTTP/1.1" 404 807
0:0:0:0:0:0:0:1 - - [20/Mar/2024:12:48:05 +0900] "GET /pro25/account/sendMoney.do HTTP/1.1" 200 143
127.0.0.1 - - [20/Mar/2024:12:50:45 +0900] "GET / HTTP/1.1" 404 807
0:0:0:0:0:0:0:1 - - [20/Mar/2024:12:50:49 +0900] "GET /pro25/account/sendMoney.do HTTP/1.1" 200 143
127.0.0.1 - - [20/Mar/2024:12:51:42 +0900] "GET / HTTP/1.1" 404 807
127.0.0.1 - - [20/Mar/2024:12:53:30 +0900] "GET / HTTP/1.1" 404 807
127.0.0.1 - - [20/Mar/2024:12:53:45 +0900] "GET / HTTP/1.1" 404 807
0:0:0:0:0:0:0:1 - - [20/Mar/2024:12:53:49 +0900] "GET /pro25/account/sendMoney.do HTTP/1.1" 200 144
127.0.0.1 - - [20/Mar/2024:12:55:51 +0900] "GET / HTTP/1.1" 404 807
0:0:0:0:0:0:0:1 - - [20/Mar/2024:12:55:56 +0900] "GET /pro25/account/sendMoney.do HTTP/1.1" 200 144
127.0.0.1 - - [20/Mar/2024:12:56:30 +0900] "GET / HTTP/1.1" 404 807
0:0:0:0:0:0:0:1 - - [20/Mar/2024:12:56:33 +0900] "GET /pro25/account/sendMoney.do HTTP/1.1" 200 144
127.0.0.1 - - [20/Mar/2024:13:00:05 +0900] "GET / HTTP/1.1" 404 807
0:0:0:0:0:0:0:1 - - [20/Mar/2024:13:00:09 +0900] "GET /pro25/account/sendMoney.do HTTP/1.1" 200 144
127.0.0.1 - - [20/Mar/2024:13:07:25 +0900] "GET / HTTP/1.1" 404 807
127.0.0.1 - - [20/Mar/2024:13:07:59 +0900] "GET / HTTP/1.1" 404 807
127.0.0.1 - - [20/Mar/2024:13:08:37 +0900] "GET / HTTP/1.1" 404 807
0:0:0:0:0:0:0:1 - - [20/Mar/2024:13:08:41 +0900] "GET /pro25/account/sendMoney.do HTTP/1.1" 200 143
0:0:0:0:0:0:0:1 - - [20/Mar/2024:13:10:31 +0900] "GET /pro25/account/sendMoney.do HTTP/1.1" 200 143
0:0:0:0:0:0:0:1 - - [20/Mar/2024:13:10:39 +0900] "GET /pro25/account/sendMoney.do HTTP/1.1" 200 143
127.0.0.1 - - [20/Mar/2024:13:11:03 +0900] "GET / HTTP/1.1" 404 807
0:0:0:0:0:0:0:1 - - [20/Mar/2024:13:11:08 +0900] "GET /pro25/account/sendMoney.do HTTP/1.1" 200 143
127.0.0.1 - - [20/Mar/2024:13:11:53 +0900] "GET / HTTP/1.1" 404 807
0:0:0:0:0:0:0:1 - - [20/Mar/2024:13:11:58 +0900] "GET /pro25/account/sendMoney.do HTTP/1.1" 200 143
127.0.0.1 - - [20/Mar/2024:13:16:43 +0900] "GET / HTTP/1.1" 404 807
0:0:0:0:0:0:0:1 - - [20/Mar/2024:13:16:51 +0900] "GET /pro25/account/sendMoney.do HTTP/1.1" 200 143
127.0.0.1 - - [20/Mar/2024:13:18:17 +0900] "GET / HTTP/1.1" 404 807
0:0:0:0:0:0:0:1 - - [20/Mar/2024:13:18:23 +0900] "GET /pro25/account/sendMoney.do HTTP/1.1" 200 143
127.0.0.1 - - [20/Mar/2024:13:21:26 +0900] "GET / HTTP/1.1" 404 807
127.0.0.1 - - [20/Mar/2024:13:22:07 +0900] "GET / HTTP/1.1" 404 807
0:0:0:0:0:0:0:1 - - [20/Mar/2024:13:22:16 +0900] "GET /pro25_1/account/sendMoney.do HTTP/1.1" 500 11264
127.0.0.1 - - [20/Mar/2024:13:22:49 +0900] "GET / HTTP/1.1" 404 807
0:0:0:0:0:0:0:1 - - [20/Mar/2024:13:23:01 +0900] "GET /pro25_1/account/sendMoney.do HTTP/1.1" 200 163
127.0.0.1 - - [20/Mar/2024:13:26:38 +0900] "GET / HTTP/1.1" 404 807
0:0:0:0:0:0:0:1 - - [20/Mar/2024:13:26:42 +0900] "GET /pro25_1/account/sendMoney.do HTTP/1.1" 200 163
127.0.0.1 - - [20/Mar/2024:14:21:02 +0900] "GET / HTTP/1.1" 404 807
127.0.0.1 - - [20/Mar/2024:14:21:54 +0900] "GET / HTTP/1.1" 404 807
127.0.0.1 - - [20/Mar/2024:14:23:01 +0900] "GET / HTTP/1.1" 404 807
127.0.0.1 - - [20/Mar/2024:14:24:12 +0900] "GET / HTTP/1.1" 404 807
0:0:0:0:0:0:0:1 - - [20/Mar/2024:14:24:14 +0900] "GET /pro25_1/account/sendMoney.do HTTP/1.1" 200 163
0:0:0:0:0:0:0:1 - - [20/Mar/2024:14:24:25 +0900] "GET /pro25_1/account/sendMoney.do HTTP/1.1" 200 163
127.0.0.1 - - [20/Mar/2024:14:25:41 +0900] "GET / HTTP/1.1" 404 807
127.0.0.1 - - [20/Mar/2024:14:29:15 +0900] "GET / HTTP/1.1" 404 807
0:0:0:0:0:0:0:1 - - [20/Mar/2024:14:29:28 +0900] "GET /pro25_1/account/sendMoney.do HTTP/1.1" 200 163
0:0:0:0:0:0:0:1 - - [20/Mar/2024:14:29:28 +0900] "GET /favicon.ico HTTP/1.1" 404 818
127.0.0.1 - - [20/Mar/2024:14:30:45 +0900] "GET / HTTP/1.1" 404 807
0:0:0:0:0:0:0:1 - - [20/Mar/2024:14:31:45 +0900] "GET /pro25/account/sendMoney.do HTTP/1.1" 200 143
127.0.0.1 - - [20/Mar/2024:14:32:51 +0900] "GET / HTTP/1.1" 404 807
0:0:0:0:0:0:0:1 - - [20/Mar/2024:14:33:04 +0900] "GET /pro25/account/sendMoney.do HTTP/1.1" 200 143
127.0.0.1 - - [20/Mar/2024:14:34:37 +0900] "GET / HTTP/1.1" 404 807
0:0:0:0:0:0:0:1 - - [20/Mar/2024:14:34:43 +0900] "GET /pro25/account/sendMoney.do HTTP/1.1" 500 10295
127.0.0.1 - - [20/Mar/2024:14:35:08 +0900] "GET / HTTP/1.1" 404 807
0:0:0:0:0:0:0:1 - - [20/Mar/2024:14:35:11 +0900] "GET /pro25/account/sendMoney.do HTTP/1.1" 200 143
127.0.0.1 - - [20/Mar/2024:15:06:17 +0900] "GET / HTTP/1.1" 404 807
127.0.0.1 - - [20/Mar/2024:15:06:54 +0900] "GET / HTTP/1.1" 404 807
127.0.0.1 - - [20/Mar/2024:15:07:34 +0900] "GET / HTTP/1.1" 404 807
0:0:0:0:0:0:0:1 - - [20/Mar/2024:15:09:09 +0900] "GET /pro26/hi.do HTTP/1.1" 200 130
0:0:0:0:0:0:0:1 - - [20/Mar/2024:15:20:19 +0900] "GET /pro26/hi.do HTTP/1.1" 200 134
127.0.0.1 - - [20/Mar/2024:15:20:49 +0900] "GET / HTTP/1.1" 404 807
0:0:0:0:0:0:0:1 - - [20/Mar/2024:15:20:58 +0900] "GET /pro26/hi.do HTTP/1.1" 404 831
127.0.0.1 - - [20/Mar/2024:15:21:38 +0900] "GET / HTTP/1.1" 404 807
0:0:0:0:0:0:0:1 - - [20/Mar/2024:15:21:41 +0900] "GET /pro26/hi.do HTTP/1.1" 200 134
127.0.0.1 - - [20/Mar/2024:15:22:55 +0900] "GET / HTTP/1.1" 404 807
0:0:0:0:0:0:0:1 - - [20/Mar/2024:15:22:57 +0900] "GET /pro26/hi.do HTTP/1.1" 200 146
0:0:0:0:0:0:0:1 - - [20/Mar/2024:15:23:02 +0900] "GET /pro26/hi2.do HTTP/1.1" 200 159
127.0.0.1 - - [20/Mar/2024:15:24:10 +0900] "GET / HTTP/1.1" 404 807
0:0:0:0:0:0:0:1 - - [20/Mar/2024:15:24:28 +0900] "GET /pro26/hi2.do HTTP/1.1" 404 721
0:0:0:0:0:0:0:1 - - [20/Mar/2024:15:24:50 +0900] "GET /pro26/hi2.do HTTP/1.1" 404 721
127.0.0.1 - - [20/Mar/2024:15:24:56 +0900] "GET / HTTP/1.1" 404 807
0:0:0:0:0:0:0:1 - - [20/Mar/2024:15:24:57 +0900] "GET /pro26/hi2.do HTTP/1.1" 200 159
127.0.0.1 - - [20/Mar/2024:15:25:09 +0900] "GET / HTTP/1.1" 404 807
0:0:0:0:0:0:0:1 - - [20/Mar/2024:15:25:11 +0900] "GET /pro26/hi2.do HTTP/1.1" 200 159
0:0:0:0:0:0:0:1 - - [20/Mar/2024:15:25:13 +0900] "GET /pro26/hi2.do HTTP/1.1" 200 159
0:0:0:0:0:0:0:1 - - [20/Mar/2024:15:25:14 +0900] "GET /pro26/hi2.do HTTP/1.1" 200 159
127.0.0.1 - - [20/Mar/2024:15:25:28 +0900] "GET / HTTP/1.1" 404 807
0:0:0:0:0:0:0:1 - - [20/Mar/2024:15:25:31 +0900] "GET /pro26/hi2.do HTTP/1.1" 200 159
0:0:0:0:0:0:0:1 - - [20/Mar/2024:15:25:34 +0900] "GET /pro26/h2.do HTTP/1.1" 404 721
0:0:0:0:0:0:0:1 - - [20/Mar/2024:15:25:39 +0900] "GET /pro26/hi.do HTTP/1.1" 200 146
0:0:0:0:0:0:0:1 - - [20/Mar/2024:15:25:44 +0900] "GET /pro26/hi2.do HTTP/1.1" 200 159
127.0.0.1 - - [20/Mar/2024:15:25:57 +0900] "GET / HTTP/1.1" 404 807
0:0:0:0:0:0:0:1 - - [20/Mar/2024:15:26:02 +0900] "GET /pro26/hi2.do HTTP/1.1" 200 159
0:0:0:0:0:0:0:1 - - [20/Mar/2024:15:26:06 +0900] "GET /pro26/hi.do HTTP/1.1" 200 146
0:0:0:0:0:0:0:1 - - [20/Mar/2024:15:26:11 +0900] "GET /pro26/hi2.do HTTP/1.1" 200 159
127.0.0.1 - - [20/Mar/2024:15:27:49 +0900] "GET / HTTP/1.1" 404 807
127.0.0.1 - - [20/Mar/2024:15:28:03 +0900] "GET / HTTP/1.1" 404 807
0:0:0:0:0:0:0:1 - - [20/Mar/2024:15:28:18 +0900] "GET /pro26/djdkfklsfd.do HTTP/1.1" 200 173
127.0.0.1 - - [20/Mar/2024:15:32:18 +0900] "GET / HTTP/1.1" 404 807
0:0:0:0:0:0:0:1 - - [20/Mar/2024:15:32:28 +0900] "GET /pro26/yaho/djdkfklsfd.do HTTP/1.1" 200 173
0:0:0:0:0:0:0:1 - - [20/Mar/2024:15:32:55 +0900] "GET /pro26/yaho/djdkfklsfd.do HTTP/1.1" 200 174
0:0:0:0:0:0:0:1 - - [20/Mar/2024:15:36:06 +0900] "GET /pro26/yaho/hi.do HTTP/1.1" 200 146
0:0:0:0:0:0:0:1 - - [20/Mar/2024:15:36:11 +0900] "GET /pro26/yaho/hi2.do HTTP/1.1" 200 159
0:0:0:0:0:0:0:1 - - [20/Mar/2024:15:36:19 +0900] "GET /pro26/yaho/djdkfklsfd.do HTTP/1.1" 500 4429
127.0.0.1 - - [20/Mar/2024:15:37:48 +0900] "GET / HTTP/1.1" 404 807
0:0:0:0:0:0:0:1 - - [20/Mar/2024:15:38:11 +0900] "GET /pro26/yaho/hi.do HTTP/1.1" 200 146
0:0:0:0:0:0:0:1 - - [20/Mar/2024:15:38:15 +0900] "GET /pro26/yaho/hi2.do HTTP/1.1" 200 159
0:0:0:0:0:0:0:1 - - [20/Mar/2024:15:38:20 +0900] "GET /pro26/yaho/hi3.do HTTP/1.1" 200 174
0:0:0:0:0:0:0:1 - - [20/Mar/2024:15:38:24 +0900] "GET /pro26/yaho/hi4.do HTTP/1.1" 200 131
127.0.0.1 - - [20/Mar/2024:15:39:24 +0900] "GET / HTTP/1.1" 404 807
0:0:0:0:0:0:0:1 - - [20/Mar/2024:15:39:34 +0900] "GET /pro26/yahoya/hi.do HTTP/1.1" 404 721
0:0:0:0:0:0:0:1 - - [20/Mar/2024:15:39:44 +0900] "GET /pro26/yahoyaho/hi.do HTTP/1.1" 200 146
127.0.0.1 - - [20/Mar/2024:15:42:31 +0900] "GET / HTTP/1.1" 404 807
0:0:0:0:0:0:0:1 - - [20/Mar/2024:15:42:33 +0900] "GET /pro26/yahoyaho/hi.do HTTP/1.1" 200 146
127.0.0.1 - - [20/Mar/2024:15:42:46 +0900] "GET / HTTP/1.1" 404 807
0:0:0:0:0:0:0:1 - - [20/Mar/2024:15:42:51 +0900] "GET /pro26/yahoyaho/hi.do HTTP/1.1" 405 801
127.0.0.1 - - [20/Mar/2024:15:43:23 +0900] "GET / HTTP/1.1" 404 807
0:0:0:0:0:0:0:1 - - [20/Mar/2024:15:43:25 +0900] "GET /pro26/yahoyaho/hi.do HTTP/1.1" 200 146
127.0.0.1 - - [20/Mar/2024:15:45:58 +0900] "GET / HTTP/1.1" 404 807
127.0.0.1 - - [20/Mar/2024:15:46:32 +0900] "GET / HTTP/1.1" 404 807
127.0.0.1 - - [20/Mar/2024:15:47:28 +0900] "GET / HTTP/1.1" 404 807
0:0:0:0:0:0:0:1 - - [20/Mar/2024:15:47:50 +0900] "GET /pro26/yahoyaho/hi22.do HTTP/1.1" 200 146
0:0:0:0:0:0:0:1 - - [20/Mar/2024:15:48:02 +0900] "GET /pro26/yahoyaho/hi2222.do HTTP/1.1" 200 159
0:0:0:0:0:0:0:1 - - [20/Mar/2024:15:53:50 +0900] "GET /pro26/yahoyaho/hi.do HTTP/1.1" 200 146
127.0.0.1 - - [20/Mar/2024:15:54:42 +0900] "GET / HTTP/1.1" 404 807
0:0:0:0:0:0:0:1 - - [20/Mar/2024:15:54:43 +0900] "GET /pro26/yahoyaho/hi.do HTTP/1.1" 200 148
127.0.0.1 - - [20/Mar/2024:15:55:43 +0900] "GET / HTTP/1.1" 404 807
0:0:0:0:0:0:0:1 - - [20/Mar/2024:15:55:44 +0900] "GET /pro26/yahoyaho/hi.do HTTP/1.1" 200 170
127.0.0.1 - - [20/Mar/2024:15:59:30 +0900] "GET / HTTP/1.1" 404 807
127.0.0.1 - - [20/Mar/2024:15:59:48 +0900] "GET / HTTP/1.1" 404 807
127.0.0.1 - - [20/Mar/2024:16:00:44 +0900] "GET / HTTP/1.1" 404 807
127.0.0.1 - - [20/Mar/2024:16:02:32 +0900] "GET / HTTP/1.1" 404 807
127.0.0.1 - - [20/Mar/2024:16:03:17 +0900] "GET / HTTP/1.1" 404 807
127.0.0.1 - - [20/Mar/2024:16:03:58 +0900] "GET / HTTP/1.1" 404 807
0:0:0:0:0:0:0:1 - - [20/Mar/2024:16:04:06 +0900] "GET /pro26/yahoyaho/hi.do HTTP/1.1" 200 223
127.0.0.1 - - [20/Mar/2024:16:06:46 +0900] "GET / HTTP/1.1" 404 807
0:0:0:0:0:0:0:1 - - [20/Mar/2024:16:06:49 +0900] "GET /pro26/yahoyaho/hi.do HTTP/1.1" 200 291
