127.0.0.1 - - [14/Mar/2024:14:33:46 +0900] "GET / HTTP/1.1" 404 807
0:0:0:0:0:0:0:1 - - [14/Mar/2024:14:37:45 +0900] "GET /pro17/board HTTP/1.1" 200 8852
0:0:0:0:0:0:0:1 - - [14/Mar/2024:14:37:45 +0900] "GET /favicon.ico HTTP/1.1" 404 818
0:0:0:0:0:0:0:1 - - [14/Mar/2024:14:37:57 +0900] "GET /pro17/board/viewArticle.do?articleNO=17 HTTP/1.1" 200 2668
0:0:0:0:0:0:0:1 - - [14/Mar/2024:14:37:57 +0900] "GET /pro17/download.do?imageFileName=%EA%B0%95%EC%95%84%EC%A7%80.jpg&articleNO=17 HTTP/1.1" 404 828
0:0:0:0:0:0:0:1 - - [14/Mar/2024:14:38:31 +0900] "POST /pro17/board/listArticles.do HTTP/1.1" 200 8852
0:0:0:0:0:0:0:1 - - [14/Mar/2024:14:38:32 +0900] "GET /pro17/board/viewArticle.do?articleNO=17 HTTP/1.1" 200 2668
0:0:0:0:0:0:0:1 - - [14/Mar/2024:14:38:32 +0900] "GET /pro17/download.do?imageFileName=%EA%B0%95%EC%95%84%EC%A7%80.jpg&articleNO=17 HTTP/1.1" 404 828
0:0:0:0:0:0:0:1 - - [14/Mar/2024:14:39:10 +0900] "POST /pro17/board/listArticles.do HTTP/1.1" 200 8852
0:0:0:0:0:0:0:1 - - [14/Mar/2024:14:39:15 +0900] "GET /pro17/board/viewArticle.do?articleNO=6 HTTP/1.1" 200 2223
0:0:0:0:0:0:0:1 - - [14/Mar/2024:14:39:19 +0900] "GET /pro17/board/viewArticle.do?articleNO=3 HTTP/1.1" 200 2235
0:0:0:0:0:0:0:1 - - [14/Mar/2024:14:39:23 +0900] "GET /pro17/board/viewArticle.do?articleNO=6 HTTP/1.1" 200 2223
0:0:0:0:0:0:0:1 - - [14/Mar/2024:14:39:28 +0900] "POST /pro17/board/listArticles.do HTTP/1.1" 200 8852
0:0:0:0:0:0:0:1 - - [14/Mar/2024:14:39:29 +0900] "GET /pro17/board/viewArticle.do?articleNO=17 HTTP/1.1" 200 2668
0:0:0:0:0:0:0:1 - - [14/Mar/2024:14:39:29 +0900] "GET /pro17/download.do?imageFileName=%EA%B0%95%EC%95%84%EC%A7%80.jpg&articleNO=17 HTTP/1.1" 404 828
0:0:0:0:0:0:0:1 - - [14/Mar/2024:14:39:31 +0900] "POST /pro17/board/listArticles.do HTTP/1.1" 200 8852
0:0:0:0:0:0:0:1 - - [14/Mar/2024:14:39:33 +0900] "GET /pro17/board/viewArticle.do?articleNO=6 HTTP/1.1" 200 2223
0:0:0:0:0:0:0:1 - - [14/Mar/2024:14:39:34 +0900] "POST /pro17/board/listArticles.do HTTP/1.1" 200 8852
0:0:0:0:0:0:0:1 - - [14/Mar/2024:14:39:36 +0900] "GET /pro17/board/viewArticle.do?articleNO=4 HTTP/1.1" 200 2201
0:0:0:0:0:0:0:1 - - [14/Mar/2024:14:39:37 +0900] "POST /pro17/board/listArticles.do HTTP/1.1" 200 8852
0:0:0:0:0:0:0:1 - - [14/Mar/2024:14:39:39 +0900] "GET /pro17/board/viewArticle.do?articleNO=15 HTTP/1.1" 200 2652
0:0:0:0:0:0:0:1 - - [14/Mar/2024:14:39:39 +0900] "GET /pro17/download.do?imageFileName=cat2.jpg&articleNO=15 HTTP/1.1" 404 828
127.0.0.1 - - [14/Mar/2024:15:09:04 +0900] "GET / HTTP/1.1" 404 807
127.0.0.1 - - [14/Mar/2024:15:11:03 +0900] "GET / HTTP/1.1" 404 807
127.0.0.1 - - [14/Mar/2024:15:12:04 +0900] "GET / HTTP/1.1" 404 807
127.0.0.1 - - [14/Mar/2024:15:12:25 +0900] "GET / HTTP/1.1" 404 807
0:0:0:0:0:0:0:1 - - [14/Mar/2024:15:12:31 +0900] "POST /pro17/board/listArticles.do HTTP/1.1" 200 8852
127.0.0.1 - - [14/Mar/2024:15:15:35 +0900] "GET / HTTP/1.1" 404 807
0:0:0:0:0:0:0:1 - - [14/Mar/2024:15:15:39 +0900] "GET /pro21/test/index.do HTTP/1.1" 200 132
127.0.0.1 - - [14/Mar/2024:15:20:16 +0900] "GET / HTTP/1.1" 404 807
0:0:0:0:0:0:0:1 - - [14/Mar/2024:15:20:22 +0900] "GET /pro21/test/index.ttt HTTP/1.1" 404 835
127.0.0.1 - - [14/Mar/2024:15:20:36 +0900] "GET / HTTP/1.1" 404 807
0:0:0:0:0:0:0:1 - - [14/Mar/2024:15:20:38 +0900] "GET /pro21/test/index.ttt HTTP/1.1" 200 132
127.0.0.1 - - [14/Mar/2024:15:20:59 +0900] "GET / HTTP/1.1" 404 807
0:0:0:0:0:0:0:1 - - [14/Mar/2024:15:21:03 +0900] "GET /pro21/test/index.do HTTP/1.1" 404 834
0:0:0:0:0:0:0:1 - - [14/Mar/2024:15:22:00 +0900] "GET /pro21/test/index.do HTTP/1.1" 404 834
127.0.0.1 - - [14/Mar/2024:15:22:12 +0900] "GET / HTTP/1.1" 404 807
0:0:0:0:0:0:0:1 - - [14/Mar/2024:15:22:15 +0900] "GET /pro21/test/index.do HTTP/1.1" 200 132
127.0.0.1 - - [14/Mar/2024:15:23:52 +0900] "GET / HTTP/1.1" 404 807
127.0.0.1 - - [14/Mar/2024:15:24:28 +0900] "GET / HTTP/1.1" 404 807
0:0:0:0:0:0:0:1 - - [14/Mar/2024:15:24:31 +0900] "GET /pro21/test/index.do HTTP/1.1" 200 132
127.0.0.1 - - [14/Mar/2024:15:26:05 +0900] "GET / HTTP/1.1" 404 807
127.0.0.1 - - [14/Mar/2024:15:26:34 +0900] "GET / HTTP/1.1" 404 807
127.0.0.1 - - [14/Mar/2024:15:56:21 +0900] "GET / HTTP/1.1" 404 807
127.0.0.1 - - [14/Mar/2024:15:56:29 +0900] "GET / HTTP/1.1" 404 807
0:0:0:0:0:0:0:1 - - [14/Mar/2024:15:56:34 +0900] "GET /pro21/index.do HTTP/1.1" 200 139
127.0.0.1 - - [14/Mar/2024:15:57:18 +0900] "GET / HTTP/1.1" 404 807
127.0.0.1 - - [14/Mar/2024:15:57:48 +0900] "GET / HTTP/1.1" 404 807
0:0:0:0:0:0:0:1 - - [14/Mar/2024:15:57:56 +0900] "GET /pro21/index.do HTTP/1.1" 200 139
0:0:0:0:0:0:0:1 - - [14/Mar/2024:15:58:02 +0900] "GET /pro21/index.do HTTP/1.1" 200 139
0:0:0:0:0:0:0:1 - - [14/Mar/2024:15:58:04 +0900] "GET /pro21/index.do HTTP/1.1" 200 139
127.0.0.1 - - [14/Mar/2024:15:58:10 +0900] "GET / HTTP/1.1" 404 807
0:0:0:0:0:0:0:1 - - [14/Mar/2024:15:58:11 +0900] "GET /pro21/index.do HTTP/1.1" 200 143
127.0.0.1 - - [14/Mar/2024:16:06:12 +0900] "GET / HTTP/1.1" 404 807
0:0:0:0:0:0:0:1 - - [14/Mar/2024:16:06:18 +0900] "GET /pro21/index2.do HTTP/1.1" 200 147
127.0.0.1 - - [14/Mar/2024:16:22:49 +0900] "GET / HTTP/1.1" 404 807
127.0.0.1 - - [14/Mar/2024:16:23:01 +0900] "GET / HTTP/1.1" 404 807
0:0:0:0:0:0:0:1 - - [14/Mar/2024:16:25:03 +0900] "GET /pro21/aaa/login.do HTTP/1.1" 200 153
127.0.0.1 - - [14/Mar/2024:16:26:14 +0900] "GET / HTTP/1.1" 404 807
0:0:0:0:0:0:0:1 - - [14/Mar/2024:16:26:43 +0900] "GET /pro21/aaa/memberInfo.do HTTP/1.1" 200 154
127.0.0.1 - - [14/Mar/2024:16:47:05 +0900] "GET / HTTP/1.1" 404 807
0:0:0:0:0:0:0:1 - - [14/Mar/2024:16:48:26 +0900] "GET /pro21/aaa/index.do HTTP/1.1" 404 721
127.0.0.1 - - [14/Mar/2024:16:48:52 +0900] "GET / HTTP/1.1" 404 807
127.0.0.1 - - [14/Mar/2024:16:50:39 +0900] "GET / HTTP/1.1" 404 807
0:0:0:0:0:0:0:1 - - [14/Mar/2024:16:50:48 +0900] "GET /pro21/test/index.do HTTP/1.1" 404 809
127.0.0.1 - - [14/Mar/2024:16:51:00 +0900] "GET / HTTP/1.1" 404 807
127.0.0.1 - - [14/Mar/2024:16:51:09 +0900] "GET / HTTP/1.1" 404 807
0:0:0:0:0:0:0:1 - - [14/Mar/2024:16:51:11 +0900] "GET /pro21/test/index.do HTTP/1.1" 404 809
127.0.0.1 - - [14/Mar/2024:16:52:24 +0900] "GET / HTTP/1.1" 404 807
0:0:0:0:0:0:0:1 - - [14/Mar/2024:16:52:25 +0900] "GET /pro21/test/index.do HTTP/1.1" 404 813
127.0.0.1 - - [14/Mar/2024:16:53:15 +0900] "GET / HTTP/1.1" 404 807
127.0.0.1 - - [14/Mar/2024:16:53:45 +0900] "GET / HTTP/1.1" 404 807
0:0:0:0:0:0:0:1 - - [14/Mar/2024:16:53:57 +0900] "GET /pro21/aaa/index.do HTTP/1.1" 404 721
127.0.0.1 - - [14/Mar/2024:16:54:57 +0900] "GET / HTTP/1.1" 404 807
0:0:0:0:0:0:0:1 - - [14/Mar/2024:16:55:05 +0900] "GET /pro21/test/index.do HTTP/1.1" 404 809
127.0.0.1 - - [14/Mar/2024:16:56:11 +0900] "GET / HTTP/1.1" 404 807
0:0:0:0:0:0:0:1 - - [14/Mar/2024:16:56:28 +0900] "GET /pro21/test/index.do HTTP/1.1" 200 151
0:0:0:0:0:0:0:1 - - [14/Mar/2024:16:57:32 +0900] "GET /pro21/aaa/login.do HTTP/1.1" 200 153
0:0:0:0:0:0:0:1 - - [14/Mar/2024:16:57:44 +0900] "GET /pro21/aaa/memberInfo.do HTTP/1.1" 200 154
0:0:0:0:0:0:0:1 - - [14/Mar/2024:17:04:57 +0900] "GET /pro21/aaa/loginForm.jsp HTTP/1.1" 200 799
127.0.0.1 - - [14/Mar/2024:17:08:38 +0900] "GET / HTTP/1.1" 404 807
0:0:0:0:0:0:0:1 - - [14/Mar/2024:17:08:40 +0900] "GET /pro21/aaa/loginForm.jsp HTTP/1.1" 200 799
0:0:0:0:0:0:0:1 - - [14/Mar/2024:17:08:40 +0900] "GET /pro21/aaa/loginForm.jsp HTTP/1.1" 200 799
0:0:0:0:0:0:0:1 - - [14/Mar/2024:17:08:40 +0900] "GET /pro21/aaa/loginForm.jsp HTTP/1.1" 200 799
0:0:0:0:0:0:0:1 - - [14/Mar/2024:17:09:23 +0900] "POST /pro21/aaa/login.do HTTP/1.1" 200 353
0:0:0:0:0:0:0:1 - - [14/Mar/2024:17:09:36 +0900] "GET /pro21/aaa/loginForm.jsp HTTP/1.1" 200 799
0:0:0:0:0:0:0:1 - - [14/Mar/2024:17:09:41 +0900] "POST /pro21/aaa/login.do HTTP/1.1" 200 359
127.0.0.1 - - [14/Mar/2024:17:27:52 +0900] "GET / HTTP/1.1" 404 807
0:0:0:0:0:0:0:1 - - [14/Mar/2024:17:28:01 +0900] "GET /pro21/aaa/login.do HTTP/1.1" 200 346
0:0:0:0:0:0:0:1 - - [14/Mar/2024:17:28:35 +0900] "GET /pro21/aaa/loginForm.jsp HTTP/1.1" 200 799
0:0:0:0:0:0:0:1 - - [14/Mar/2024:17:28:41 +0900] "POST /pro21/aaa/login.do HTTP/1.1" 200 359
